.\gradlew.bat : WARNING: A restricted method in 
java.lang.System has been called
At line:1 char:71
+ ... -main\android'; .\gradlew.bat assembleDebug 
--stacktrace 2>&1 | Out-F ...
+                     
~~~~~~~~~~~~~~~~~~~~~~~~~~~~~~~~~~~~~~~~~~~~~
    + CategoryInfo          : NotSpecified: (WARNING: A  
   rest...has been called:String) [], RemoteException
    + FullyQualifiedErrorId : NativeCommandError
 
WARNING: java.lang.System::load has been called by 
net.rubygrapefruit.platform.internal.NativeLibraryLoader 
in an unnamed module (file:/C:/Users/mahmo/.gradle/wrappe
r/dists/gradle-7.3.1-bin/b47edjwz5j48avzx8xp2zpcd3/gradle
-7.3.1/lib/native-platform-0.22-milestone-21.jar)
WARNING: Use --enable-native-access=ALL-UNNAMED to avoid 
a warning for callers in this module
WARNING: Restricted methods will be blocked in a future 
release unless native access is enabled


> Configure project :gradle
WARNING: Unsupported Kotlin plugin version.
The `embedded-kotlin` and `kotlin-dsl` plugins rely on features of Kotlin `1.5.31` that might work differently than in the requested version `1.9.20`.

> Task :gradle:checkKotlinGradlePluginConfigurationErrors
> Task :gradle:pluginDescriptors UP-TO-DATE
> Task :gradle:processResources UP-TO-DATE

> Task :gradle:compileKotlin FAILED
w: Inconsistent JVM-target compatibility detected for tasks 'compileJava' (11) and 'compileKotlin' (1.8).
This will become an error in Gradle 8.0.
Consider using JVM Toolchain: https://kotl.in/gradle/jvm/toolchain
Learn more about JVM-target validation: https://kotl.in/gradle/jvm/target-validation 

w: Language version 1.4 is deprecated and its support will be removed in a future version of Kotlin
e: file:///C:/flutter/packages/flutter_tools/gradle/src/m
ain/kotlin/FlutterPlugin.kt:749:21 Unresolved reference: 
filePermissions
e: file:///C:/flutter/packages/flutter_tools/gradle/src/m
ain/kotlin/FlutterPlugin.kt:750:25 Unresolved reference: 
user
e: file:///C:/flutter/packages/flutter_tools/gradle/src/m
ain/kotlin/FlutterPlugin.kt:751:29 Unresolved reference: 
read
e: file:///C:/flutter/packages/flutter_tools/gradle/src/m
ain/kotlin/FlutterPlugin.kt:752:29 Unresolved reference: 
write

FAILURE: Build failed with an exception.

* What went wrong:
Execution failed for task ':gradle:compileKotlin'.
> A failure occurred while executing org.jetbrains.kotlin
.compilerRunner.GradleCompilerRunnerWithWorkers$GradleKot
linCompilerWorkAction
   > Compilation error. See log for more details

* Try:
> Run with --info or --debug option to get more log 
output.
> Run with --scan to get full insights.

* Exception is:
org.gradle.api.tasks.TaskExecutionException: Execution 
failed for task ':gradle:compileKotlin'.
	at org.gradle.api.internal.tasks.execution.ExecuteAction
sTaskExecuter.lambda$executeIfValid$1(ExecuteActionsTaskE
xecuter.java:145)
	at org.gradle.internal.Try$Failure.ifSuccessfulOrElse(Tr
y.java:282)
	at org.gradle.api.internal.tasks.execution.ExecuteAction
sTaskExecuter.executeIfValid(ExecuteActionsTaskExecuter.j
ava:143)
	at org.gradle.api.internal.tasks.execution.ExecuteAction
sTaskExecuter.execute(ExecuteActionsTaskExecuter.java:131
)
	at org.gradle.api.internal.tasks.execution.CleanupStaleO
utputsExecuter.execute(CleanupStaleOutputsExecuter.java:7
7)
	at org.gradle.api.internal.tasks.execution.FinalizePrope
rtiesTaskExecuter.execute(FinalizePropertiesTaskExecuter.
java:46)
	at org.gradle.api.internal.tasks.execution.ResolveTaskEx
ecutionModeExecuter.execute(ResolveTaskExecutionModeExecu
ter.java:51)
	at org.gradle.api.internal.tasks.execution.SkipTaskWithN
oActionsExecuter.execute(SkipTaskWithNoActionsExecuter.ja
va:57)
	at org.gradle.api.internal.tasks.execution.SkipOnlyIfTas
kExecuter.execute(SkipOnlyIfTaskExecuter.java:56)
	at org.gradle.api.internal.tasks.execution.CatchExceptio
nTaskExecuter.execute(CatchExceptionTaskExecuter.java:36)
	at org.gradle.api.internal.tasks.execution.EventFiringTa
skExecuter$1.executeTask(EventFiringTaskExecuter.java:77)
	at org.gradle.api.internal.tasks.execution.EventFiringTa
skExecuter$1.call(EventFiringTaskExecuter.java:55)
	at org.gradle.api.internal.tasks.execution.EventFiringTa
skExecuter$1.call(EventFiringTaskExecuter.java:52)
	at org.gradle.internal.operations.DefaultBuildOperationR
unner$CallableBuildOperationWorker.execute(DefaultBuildOp
erationRunner.java:204)
	at org.gradle.internal.operations.DefaultBuildOperationR
unner$CallableBuildOperationWorker.execute(DefaultBuildOp
erationRunner.java:199)
	at org.gradle.internal.operations.DefaultBuildOperationR
unner$2.execute(DefaultBuildOperationRunner.java:66)
	at org.gradle.internal.operations.DefaultBuildOperationR
unner$2.execute(DefaultBuildOperationRunner.java:59)
	at org.gradle.internal.operations.DefaultBuildOperationR
unner.execute(DefaultBuildOperationRunner.java:157)
	at org.gradle.internal.operations.DefaultBuildOperationR
unner.execute(DefaultBuildOperationRunner.java:59)
	at org.gradle.internal.operations.DefaultBuildOperationR
unner.call(DefaultBuildOperationRunner.java:53)
	at org.gradle.internal.operations.DefaultBuildOperationE
xecutor.call(DefaultBuildOperationExecutor.java:73)
	at org.gradle.api.internal.tasks.execution.EventFiringTa
skExecuter.execute(EventFiringTaskExecuter.java:52)
	at org.gradle.execution.plan.LocalTaskNodeExecutor.execu
te(LocalTaskNodeExecutor.java:74)
	at org.gradle.execution.taskgraph.DefaultTaskExecutionGr
aph$InvokeNodeExecutorsAction.execute(DefaultTaskExecutio
nGraph.java:402)
	at org.gradle.execution.taskgraph.DefaultTaskExecutionGr
aph$InvokeNodeExecutorsAction.execute(DefaultTaskExecutio
nGraph.java:389)
	at org.gradle.execution.taskgraph.DefaultTaskExecutionGr
aph$BuildOperationAwareExecutionAction.execute(DefaultTas
kExecutionGraph.java:382)
	at org.gradle.execution.taskgraph.DefaultTaskExecutionGr
aph$BuildOperationAwareExecutionAction.execute(DefaultTas
kExecutionGraph.java:368)
	at org.gradle.execution.plan.DefaultPlanExecutor$Executo
rWorker.lambda$run$0(DefaultPlanExecutor.java:127)
	at org.gradle.execution.plan.DefaultPlanExecutor$Executo
rWorker.execute(DefaultPlanExecutor.java:191)
	at org.gradle.execution.plan.DefaultPlanExecutor$Executo
rWorker.executeNextNode(DefaultPlanExecutor.java:182)
	at org.gradle.execution.plan.DefaultPlanExecutor$Executo
rWorker.run(DefaultPlanExecutor.java:124)
	at org.gradle.internal.concurrent.ExecutorPolicy$CatchAn
dRecordFailures.onExecute(ExecutorPolicy.java:64)
	at org.gradle.internal.concurrent.ManagedExecutorImpl$1.
run(ManagedExecutorImpl.java:48)
	at org.gradle.internal.concurrent.ThreadFactoryImpl$Mana
gedThreadRunnable.run(ThreadFactoryImpl.java:61)
Caused by: org.gradle.workers.internal.DefaultWorkerExecu
tor$WorkExecutionException: A failure occurred while 
executing org.jetbrains.kotlin.compilerRunner.GradleCompi
lerRunnerWithWorkers$GradleKotlinCompilerWorkAction
	at org.gradle.workers.internal.DefaultWorkerExecutor$Wor
kItemExecution.waitForCompletion(DefaultWorkerExecutor.ja
va:342)
	at org.gradle.internal.work.DefaultAsyncWorkTracker.wait
ForItemsAndGatherFailures(DefaultAsyncWorkTracker.java:14
2)
	at org.gradle.internal.work.DefaultAsyncWorkTracker.wait
ForItemsAndGatherFailures(DefaultAsyncWorkTracker.java:94
)
	at org.gradle.internal.work.DefaultAsyncWorkTracker.wait
ForAll(DefaultAsyncWorkTracker.java:80)
	at org.gradle.internal.work.DefaultAsyncWorkTracker.wait
ForCompletion(DefaultAsyncWorkTracker.java:68)
	at org.gradle.api.internal.tasks.execution.TaskExecution
$2.run(TaskExecution.java:247)
	at org.gradle.internal.operations.DefaultBuildOperationR
unner$1.execute(DefaultBuildOperationRunner.java:29)
	at org.gradle.internal.operations.DefaultBuildOperationR
unner$1.execute(DefaultBuildOperationRunner.java:26)
	at org.gradle.internal.operations.DefaultBuildOperationR
unner$2.execute(DefaultBuildOperationRunner.java:66)
	at org.gradle.internal.operations.DefaultBuildOperationR
unner$2.execute(DefaultBuildOperationRunner.java:59)
	at org.gradle.internal.operations.DefaultBuildOperationR
unner.execute(DefaultBuildOperationRunner.java:157)
	at org.gradle.internal.operations.DefaultBuildOperationR
unner.execute(DefaultBuildOperationRunner.java:59)
	at org.gradle.internal.operations.DefaultBuildOperationR
unner.run(DefaultBuildOperationRunner.java:47)
	at org.gradle.internal.operations.DefaultBuildOperationE
xecutor.run(DefaultBuildOperationExecutor.java:68)
	at org.gradle.api.internal.tasks.execution.TaskExecution
.executeAction(TaskExecution.java:224)
	at org.gradle.api.internal.tasks.execution.TaskExecution
.executeActions(TaskExecution.java:207)
	at org.gradle.api.internal.tasks.execution.TaskExecution
.executeWithPreviousOutputFiles(TaskExecution.java:190)
	at org.gradle.api.internal.tasks.execution.TaskExecution
.execute(TaskExecution.java:168)
	at org.gradle.internal.execution.steps.ExecuteStep.execu
teInternal(ExecuteStep.java:89)
	at org.gradle.internal.execution.steps.ExecuteStep.acces
s$000(ExecuteStep.java:40)
	at org.gradle.internal.execution.steps.ExecuteStep$1.cal
l(ExecuteStep.java:53)
	at org.gradle.internal.execution.steps.ExecuteStep$1.cal
l(ExecuteStep.java:50)
	at org.gradle.internal.operations.DefaultBuildOperationR
unner$CallableBuildOperationWorker.execute(DefaultBuildOp
erationRunner.java:204)
	at org.gradle.internal.operations.DefaultBuildOperationR
unner$CallableBuildOperationWorker.execute(DefaultBuildOp
erationRunner.java:199)
	at org.gradle.internal.operations.DefaultBuildOperationR
unner$2.execute(DefaultBuildOperationRunner.java:66)
	at org.gradle.internal.operations.DefaultBuildOperationR
unner$2.execute(DefaultBuildOperationRunner.java:59)
	at org.gradle.internal.operations.DefaultBuildOperationR
unner.execute(DefaultBuildOperationRunner.java:157)
	at org.gradle.internal.operations.DefaultBuildOperationR
unner.execute(DefaultBuildOperationRunner.java:59)
	at org.gradle.internal.operations.DefaultBuildOperationR
unner.call(DefaultBuildOperationRunner.java:53)
	at org.gradle.internal.operations.DefaultBuildOperationE
xecutor.call(DefaultBuildOperationExecutor.java:73)
	at org.gradle.internal.execution.steps.ExecuteStep.execu
te(ExecuteStep.java:50)
	at org.gradle.internal.execution.steps.ExecuteStep.execu
te(ExecuteStep.java:40)
	at org.gradle.internal.execution.steps.RemovePreviousOut
putsStep.execute(RemovePreviousOutputsStep.java:68)
	at org.gradle.internal.execution.steps.RemovePreviousOut
putsStep.execute(RemovePreviousOutputsStep.java:38)
	at org.gradle.internal.execution.steps.ResolveInputChang
esStep.execute(ResolveInputChangesStep.java:48)
	at org.gradle.internal.execution.steps.ResolveInputChang
esStep.execute(ResolveInputChangesStep.java:36)
	at org.gradle.internal.execution.steps.CancelExecutionSt
ep.execute(CancelExecutionStep.java:41)
	at org.gradle.internal.execution.steps.TimeoutStep.execu
teWithoutTimeout(TimeoutStep.java:74)
	at org.gradle.internal.execution.steps.TimeoutStep.execu
te(TimeoutStep.java:55)
	at org.gradle.internal.execution.steps.CreateOutputsStep
.execute(CreateOutputsStep.java:51)
	at org.gradle.internal.execution.steps.CreateOutputsStep
.execute(CreateOutputsStep.java:29)
	at org.gradle.internal.execution.steps.CaptureStateAfter
ExecutionStep.execute(CaptureStateAfterExecutionStep.java
:61)
	at org.gradle.internal.execution.steps.CaptureStateAfter
ExecutionStep.execute(CaptureStateAfterExecutionStep.java
:42)
	at org.gradle.internal.execution.steps.BroadcastChanging
OutputsStep.execute(BroadcastChangingOutputsStep.java:60)
	at org.gradle.internal.execution.steps.BroadcastChanging
OutputsStep.execute(BroadcastChangingOutputsStep.java:27)
	at org.gradle.internal.execution.steps.BuildCacheStep.ex
ecuteWithoutCache(BuildCacheStep.java:188)
	at org.gradle.internal.execution.steps.BuildCacheStep.la
mbda$execute$1(BuildCacheStep.java:75)
	at 
org.gradle.internal.Either$Right.fold(Either.java:175)
	at org.gradle.internal.execution.caching.CachingState.fo
ld(CachingState.java:59)
	at org.gradle.internal.execution.steps.BuildCacheStep.ex
ecute(BuildCacheStep.java:73)
	at org.gradle.internal.execution.steps.BuildCacheStep.ex
ecute(BuildCacheStep.java:48)
	at org.gradle.internal.execution.steps.StoreExecutionSta
teStep.execute(StoreExecutionStateStep.java:38)
	at org.gradle.internal.execution.steps.StoreExecutionSta
teStep.execute(StoreExecutionStateStep.java:27)
	at org.gradle.internal.execution.steps.RecordOutputsStep
.execute(RecordOutputsStep.java:36)
	at org.gradle.internal.execution.steps.RecordOutputsStep
.execute(RecordOutputsStep.java:22)
	at org.gradle.internal.execution.steps.SkipUpToDateStep.
executeBecause(SkipUpToDateStep.java:109)
	at org.gradle.internal.execution.steps.SkipUpToDateStep.
lambda$execute$2(SkipUpToDateStep.java:56)
	at org.gradle.internal.execution.steps.SkipUpToDateStep.
execute(SkipUpToDateStep.java:56)
	at org.gradle.internal.execution.steps.SkipUpToDateStep.
execute(SkipUpToDateStep.java:38)
	at org.gradle.internal.execution.steps.ResolveChangesSte
p.execute(ResolveChangesStep.java:73)
	at org.gradle.internal.execution.steps.ResolveChangesSte
p.execute(ResolveChangesStep.java:44)
	at org.gradle.internal.execution.steps.legacy.MarkSnapsh
ottingInputsFinishedStep.execute(MarkSnapshottingInputsFi
nishedStep.java:37)
	at org.gradle.internal.execution.steps.legacy.MarkSnapsh
ottingInputsFinishedStep.execute(MarkSnapshottingInputsFi
nishedStep.java:27)
	at org.gradle.internal.execution.steps.ResolveCachingSta
teStep.execute(ResolveCachingStateStep.java:89)
	at org.gradle.internal.execution.steps.ResolveCachingSta
teStep.execute(ResolveCachingStateStep.java:50)
	at org.gradle.internal.execution.steps.ValidateStep.exec
ute(ValidateStep.java:114)
	at org.gradle.internal.execution.steps.ValidateStep.exec
ute(ValidateStep.java:57)
	at org.gradle.internal.execution.steps.CaptureStateBefor
eExecutionStep.execute(CaptureStateBeforeExecutionStep.ja
va:76)
	at org.gradle.internal.execution.steps.CaptureStateBefor
eExecutionStep.execute(CaptureStateBeforeExecutionStep.ja
va:50)
	at org.gradle.internal.execution.steps.SkipEmptyWorkStep
.lambda$execute$2(SkipEmptyWorkStep.java:93)
	at org.gradle.internal.execution.steps.SkipEmptyWorkStep
.execute(SkipEmptyWorkStep.java:93)
	at org.gradle.internal.execution.steps.SkipEmptyWorkStep
.execute(SkipEmptyWorkStep.java:34)
	at org.gradle.internal.execution.steps.legacy.MarkSnapsh
ottingInputsStartedStep.execute(MarkSnapshottingInputsSta
rtedStep.java:38)
	at org.gradle.internal.execution.steps.LoadPreviousExecu
tionStateStep.execute(LoadPreviousExecutionStateStep.java
:43)
	at org.gradle.internal.execution.steps.LoadPreviousExecu
tionStateStep.execute(LoadPreviousExecutionStateStep.java
:31)
	at org.gradle.internal.execution.steps.AssignWorkspaceSt
ep.lambda$execute$0(AssignWorkspaceStep.java:40)
	at org.gradle.api.internal.tasks.execution.TaskExecution
$3.withWorkspace(TaskExecution.java:284)
	at org.gradle.internal.execution.steps.AssignWorkspaceSt
ep.execute(AssignWorkspaceStep.java:40)
	at org.gradle.internal.execution.steps.AssignWorkspaceSt
ep.execute(AssignWorkspaceStep.java:30)
	at org.gradle.internal.execution.steps.IdentityCacheStep
.execute(IdentityCacheStep.java:37)
	at org.gradle.internal.execution.steps.IdentityCacheStep
.execute(IdentityCacheStep.java:27)
	at org.gradle.internal.execution.steps.IdentifyStep.exec
ute(IdentifyStep.java:44)
	at org.gradle.internal.execution.steps.IdentifyStep.exec
ute(IdentifyStep.java:33)
	at org.gradle.internal.execution.impl.DefaultExecutionEn
gine$1.execute(DefaultExecutionEngine.java:76)
	at org.gradle.api.internal.tasks.execution.ExecuteAction
sTaskExecuter.executeIfValid(ExecuteActionsTaskExecuter.j
ava:142)
	at org.gradle.api.internal.tasks.execution.ExecuteAction
sTaskExecuter.execute(ExecuteActionsTaskExecuter.java:131
)
	at org.gradle.api.internal.tasks.execution.CleanupStaleO
utputsExecuter.execute(CleanupStaleOutputsExecuter.java:7
7)
	at org.gradle.api.internal.tasks.execution.FinalizePrope
rtiesTaskExecuter.execute(FinalizePropertiesTaskExecuter.
java:46)
	at org.gradle.api.internal.tasks.execution.ResolveTaskEx
ecutionModeExecuter.execute(ResolveTaskExecutionModeExecu
ter.java:51)
	at org.gradle.api.internal.tasks.execution.SkipTaskWithN
oActionsExecuter.execute(SkipTaskWithNoActionsExecuter.ja
va:57)
	at org.gradle.api.internal.tasks.execution.SkipOnlyIfTas
kExecuter.execute(SkipOnlyIfTaskExecuter.java:56)
	at org.gradle.api.internal.tasks.execution.CatchExceptio
nTaskExecuter.execute(CatchExceptionTaskExecuter.java:36)
	at org.gradle.api.internal.tasks.execution.EventFiringTa
skExecuter$1.executeTask(EventFiringTaskExecuter.java:77)
	at org.gradle.api.internal.tasks.execution.EventFiringTa
skExecuter$1.call(EventFiringTaskExecuter.java:55)
	at org.gradle.api.internal.tasks.execution.EventFiringTa
skExecuter$1.call(EventFiringTaskExecuter.java:52)
	at org.gradle.internal.operations.DefaultBuildOperationR
unner$CallableBuildOperationWorker.execute(DefaultBuildOp
erationRunner.java:204)
	at org.gradle.internal.operations.DefaultBuildOperationR
unner$CallableBuildOperationWorker.execute(DefaultBuildOp
erationRunner.java:199)
	at org.gradle.internal.operations.DefaultBuildOperationR
unner$2.execute(DefaultBuildOperationRunner.java:66)
	at org.gradle.internal.operations.DefaultBuildOperationR
unner$2.execute(DefaultBuildOperationRunner.java:59)
	at org.gradle.internal.operations.DefaultBuildOperationR
unner.execute(DefaultBuildOperationRunner.java:157)
	at org.gradle.internal.operations.DefaultBuildOperationR
unner.execute(DefaultBuildOperationRunner.java:59)
	at org.gradle.internal.operations.DefaultBuildOperationR
unner.call(DefaultBuildOperationRunner.java:53)
	at org.gradle.internal.operations.DefaultBuildOperationE
xecutor.call(DefaultBuildOperationExecutor.java:73)
	at org.gradle.api.internal.tasks.execution.EventFiringTa
skExecuter.execute(EventFiringTaskExecuter.java:52)
	at org.gradle.execution.plan.LocalTaskNodeExecutor.execu
te(LocalTaskNodeExecutor.java:74)
	at org.gradle.execution.taskgraph.DefaultTaskExecutionGr
aph$InvokeNodeExecutorsAction.execute(DefaultTaskExecutio
nGraph.java:402)
	at org.gradle.execution.taskgraph.DefaultTaskExecutionGr
aph$InvokeNodeExecutorsAction.execute(DefaultTaskExecutio
nGraph.java:389)
	at org.gradle.execution.taskgraph.DefaultTaskExecutionGr
aph$BuildOperationAwareExecutionAction.execute(DefaultTas
kExecutionGraph.java:382)
	at org.gradle.execution.taskgraph.DefaultTaskExecutionGr
aph$BuildOperationAwareExecutionAction.execute(DefaultTas
kExecutionGraph.java:368)
	at org.gradle.execution.plan.DefaultPlanExecutor$Executo
rWorker.lambda$run$0(DefaultPlanExecutor.java:127)
	at org.gradle.execution.plan.DefaultPlanExecutor$Executo
rWorker.execute(DefaultPlanExecutor.java:191)
	at org.gradle.execution.plan.DefaultPlanExecutor$Executo
rWorker.executeNextNode(DefaultPlanExecutor.java:182)
	at org.gradle.execution.plan.DefaultPlanExecutor$Executo
rWorker.run(DefaultPlanExecutor.java:124)
	at org.gradle.internal.concurrent.ExecutorPolicy$CatchAn
dRecordFailures.onExecute(ExecutorPolicy.java:64)
	at org.gradle.internal.concurrent.ManagedExecutorImpl$1.
run(ManagedExecutorImpl.java:48)
	at org.gradle.internal.concurrent.ThreadFactoryImpl$Mana
gedThreadRunnable.run(ThreadFactoryImpl.java:61)
Caused by: org.jetbrains.kotlin.gradle.tasks.CompilationE
rrorException: Compilation error. See log for more 
details
	at org.jetbrains.kotlin.gradle.tasks.TasksUtilsKt.throwE
xceptionIfCompilationFailed(tasksUtils.kt:20)
	at org.jetbrains.kotlin.compilerRunner.GradleKotlinCompi
lerWork.run(GradleKotlinCompilerWork.kt:141)
	at org.jetbrains.kotlin.compilerRunner.GradleCompilerRun
nerWithWorkers$GradleKotlinCompilerWorkAction.execute(Gra
dleCompilerRunnerWithWorkers.kt:73)
	at org.gradle.workers.internal.DefaultWorkerServer.execu
te(DefaultWorkerServer.java:63)
	at org.gradle.workers.internal.NoIsolationWorkerFactory$
1$1.create(NoIsolationWorkerFactory.java:66)
	at org.gradle.workers.internal.NoIsolationWorkerFactory$
1$1.create(NoIsolationWorkerFactory.java:62)
	at org.gradle.internal.classloader.ClassLoaderUtils.exec
uteInClassloader(ClassLoaderUtils.java:97)
	at org.gradle.workers.internal.NoIsolationWorkerFactory$
1.lambda$execute$0(NoIsolationWorkerFactory.java:62)
	at org.gradle.workers.internal.AbstractWorker$1.call(Abs
tractWorker.java:44)
	at org.gradle.workers.internal.AbstractWorker$1.call(Abs
tractWorker.java:41)
	at org.gradle.internal.operations.DefaultBuildOperationR
unner$CallableBuildOperationWorker.execute(DefaultBuildOp
erationRunner.java:204)
	at org.gradle.internal.operations.DefaultBuildOperationR
unner$CallableBuildOperationWorker.execute(DefaultBuildOp
erationRunner.java:199)
	at org.gradle.internal.operations.DefaultBuildOperationR
unner$2.execute(DefaultBuildOperationRunner.java:66)
	at org.gradle.internal.operations.DefaultBuildOperationR
unner$2.execute(DefaultBuildOperationRunner.java:59)
	at org.gradle.internal.operations.DefaultBuildOperationR
unner.execute(DefaultBuildOperationRunner.java:157)
	at org.gradle.internal.operations.DefaultBuildOperationR
unner.execute(DefaultBuildOperationRunner.java:59)
	at org.gradle.internal.operations.DefaultBuildOperationR
unner.call(DefaultBuildOperationRunner.java:53)
	at org.gradle.internal.operations.DefaultBuildOperationE
xecutor.call(DefaultBuildOperationExecutor.java:73)
	at org.gradle.workers.internal.AbstractWorker.executeWra
ppedInBuildOperation(AbstractWorker.java:41)
	at org.gradle.workers.internal.NoIsolationWorkerFactory$
1.execute(NoIsolationWorkerFactory.java:59)
	at org.gradle.workers.internal.DefaultWorkerExecutor.lam
bda$submitWork$2(DefaultWorkerExecutor.java:206)
	at org.gradle.internal.work.DefaultConditionalExecutionQ
ueue$ExecutionRunner.runExecution(DefaultConditionalExecu
tionQueue.java:214)
	at org.gradle.internal.work.DefaultConditionalExecutionQ
ueue$ExecutionRunner.runBatch(DefaultConditionalExecution
Queue.java:164)
	at org.gradle.internal.work.DefaultConditionalExecutionQ
ueue$ExecutionRunner.run(DefaultConditionalExecutionQueue
.java:131)
	... 3 more


* Get more help at https://help.gradle.org

BUILD FAILED in 2s
4 actionable tasks: 2 executed, 2 up-to-date
